// Jest Snapshot v1, https://goo.gl/fbAQLP

exports[`UsersList Shapshots with default props 1`] = `
<FlatList
  ListFooterComponent={[Function]}
  data={Array []}
  disableVirtualization={false}
  extraData={2}
  horizontal={false}
  initialNumToRender={10}
  keyExtractor={[Function]}
  maxToRenderPerBatch={10}
  numColumns={1}
  onEndReached={[Function]}
  onEndReachedThreshold={0.2}
  onRefresh={[Function]}
  refreshing={false}
  renderItem={[Function]}
  scrollEventThrottle={50}
  updateCellsBatchingPeriod={50}
  windowSize={21}
/>
`;
